\BOOKMARK [1][-]{section.1}{\376\377\000Q\0000\000a\000\040\040\024\000\040\000F\000i\000l\000t\000r\000e\000\040\000d\000e\000\040\000K\000a\000l\000m\000a\000n\000\040\000l\000i\000n\000\351\000a\000i\000r\000e}{}% 1
\BOOKMARK [2][-]{subsection.1.1}{\376\377\000R\000\351\000c\000a\000p\000i\000t\000u\000l\000a\000t\000i\000f\000\040\000d\000e\000s\000\040\000\351\000q\000u\000a\000t\000i\000o\000n\000s\000\040\000\050\000r\000a\000p\000p\000e\000l\000\051}{section.1}% 2
\BOOKMARK [1][-]{section.2}{\376\377\000Q\0000\000b\000\040\040\024\000\040\000F\000i\000l\000t\000r\000e\000\040\000d\000e\000\040\000K\000a\000l\000m\000a\000n\000\040\000\351\000t\000e\000n\000d\000u}{}% 3
\BOOKMARK [2][-]{subsection.2.1}{\376\377\000R\000\351\000c\000a\000p\000i\000t\000u\000l\000a\000t\000i\000f\000\040\000d\000e\000\040\000l\000'\000E\000K\000F}{section.2}% 4
\BOOKMARK [2][-]{subsection.2.2}{\376\377\000E\000x\000p\000l\000i\000c\000a\000t\000i\000o\000n}{section.2}% 5
\BOOKMARK [1][-]{section.3}{\376\377\000Q\0001\000.\0001\000\040\040\024\000\040\000L\000o\000c\000a\000l\000i\000s\000a\000t\000i\000o\000n\000\040\000G\000N\000S\000S\000\040\000:\000\040\000m\000o\000d\000\350\000l\000e\000\040\000e\000t\000\040\000t\000r\000o\000u\000\040\000d\000e\000\040\000m\000e\000s\000u\000r\000e}{}% 6
\BOOKMARK [2][-]{subsection.3.1}{\376\377\000M\000o\000d\000\350\000l\000e}{section.3}% 7
\BOOKMARK [2][-]{subsection.3.2}{\376\377\000T\000r\000o\000u\000\040\000d\000e\000\040\000m\000e\000s\000u\000r\000e}{section.3}% 8
\BOOKMARK [2][-]{subsection.3.3}{\376\377\000E\000x\000p\000l\000i\000c\000a\000t\000i\000o\000n}{section.3}% 9
\BOOKMARK [2][-]{subsection.3.4}{\376\377\000I\000n\000t\000e\000r\000p\000r\000\351\000t\000a\000t\000i\000o\000n}{section.3}% 10
\BOOKMARK [1][-]{section.4}{\376\377\000Q\0001\000.\0002\000\040\040\024\000\040\000I\000n\000f\000l\000u\000e\000n\000c\000e\000\040\000d\000u\000\040\000b\000r\000u\000i\000t\000\040\000d\000e\000\040\000d\000y\000n\000a\000m\000i\000q\000u\000e\000\040\000Q}{}% 11
\BOOKMARK [1][-]{section.5}{\376\377\000Q\0001\000.\0003\000\040\040\024\000\040\000I\000n\000f\000l\000u\000e\000n\000c\000e\000\040\000d\000u\000\040\000b\000r\000u\000i\000t\000\040\000d\000e\000\040\000m\000e\000s\000u\000r\000e\000\040\000R}{}% 12
\BOOKMARK [1][-]{section.6}{\376\377\000Q\0002\000.\0001\000\040\040\024\000\040\000L\000o\000c\000a\000l\000i\000s\000a\000t\000i\000o\000n\000\040\000p\000a\000r\000\040\000o\000d\000o\000m\000\351\000t\000r\000i\000e\000\040\000:\000\040\000m\000o\000d\000\350\000l\000e\000\040\000e\000t\000\040\000j\000a\000c\000o\000b\000i\000e\000n\000n\000e\000s}{}% 13
\BOOKMARK [2][-]{subsection.6.1}{\376\377\000M\000o\000d\000\350\000l\000e}{section.6}% 14
\BOOKMARK [3][-]{subsubsection.6.1.1}{\376\377\000\311\000t\000a\000t}{subsection.6.1}% 15
\BOOKMARK [3][-]{subsubsection.6.1.2}{\376\377\000M\000o\000d\000\350\000l\000e\000\040\000d\000'\000\351\000v\000o\000l\000u\000t\000i\000o\000n\000\040\000\050\000o\000d\000o\000m\000\351\000t\000r\000i\000e\000\051}{subsection.6.1}% 16
\BOOKMARK [3][-]{subsubsection.6.1.3}{\376\377\000M\000o\000d\000\350\000l\000e\000\040\000d\000'\000o\000b\000s\000e\000r\000v\000a\000t\000i\000o\000n\000\040\000\050\000a\000m\000e\000r\000s\000\051}{subsection.6.1}% 17
\BOOKMARK [3][-]{subsubsection.6.1.4}{\376\377\000J\000a\000c\000o\000b\000i\000e\000n\000n\000e\000s}{subsection.6.1}% 18
\BOOKMARK [2][-]{subsection.6.2}{\376\377\000R\000\351\000c\000a\000p\000i\000t\000u\000l\000a\000t\000i\000f\000\040\000d\000e\000\040\000l\000'\000E\000K\000F}{section.6}% 19
\BOOKMARK [1][-]{section.7}{\376\377\000Q\0002\000.\0002\000\040\040\024\000\040\000D\000\351\000f\000a\000i\000l\000l\000a\000n\000c\000e\000\040\000c\000a\000p\000t\000e\000u\000r}{}% 20
\BOOKMARK [2][-]{subsection.7.1}{\376\377\000P\000r\000e\000u\000v\000e\000\040\000:\000\040\000c\000r\000o\000i\000s\000s\000a\000n\000c\000e\000\040\000d\000e\000\040\000l\000a\000\040\000c\000o\000v\000a\000r\000i\000a\000n\000c\000e\000\040\000p\000e\000n\000d\000a\000n\000t\000\040\000l\000a\000\040\000r\000u\000p\000t\000u\000r\000e}{section.7}% 21
\BOOKMARK [2][-]{subsection.7.2}{\376\377\000I\000n\000t\000e\000r\000p\000r\000\351\000t\000a\000t\000i\000o\000n}{section.7}% 22
\BOOKMARK [1][-]{section.8}{\376\377\000Q\0002\000.\0003\000\040\040\024\000\040\000E\000r\000r\000e\000u\000r\000s\000\040\000d\000e\000\040\000m\000o\000d\000\350\000l\000e}{}% 23
\BOOKMARK [1][-]{section.9}{\376\377\000Q\0002\000.\0004\000\040\040\024\000\040\000O\000b\000s\000e\000r\000v\000a\000b\000i\000l\000i\000t\000\351\000\040\000p\000a\000r\000t\000i\000e\000l\000l\000e}{}% 24
